2024-12-25 16:55:44 [MainProcess:7734][INFO]: start
2024-12-25 16:55:44 [Process-2:7784][INFO]: Manual loop start
2024-12-25 16:56:00 [Process-2:7784][INFO]: image saved.
2024-12-25 16:56:00 [Process-2:7784][INFO]: image saved.
2024-12-25 16:56:00 [Process-2:7784][INFO]: image saved.
2024-12-25 16:56:01 [Process-2:7784][INFO]: image saved.
2024-12-25 16:56:01 [Process-2:7784][INFO]: image saved.
2024-12-25 16:56:01 [Process-2:7784][INFO]: image saved.
2024-12-25 16:56:01 [Process-2:7784][INFO]: image saved.
2024-12-25 16:56:01 [Process-2:7784][INFO]: image saved.
2024-12-25 16:56:02 [Process-2:7784][INFO]: image saved.
2024-12-25 16:56:02 [Process-2:7784][INFO]: image saved.
2024-12-25 16:56:02 [Process-2:7784][INFO]: image saved.
2024-12-25 16:56:02 [Process-2:7784][INFO]: image saved.
2024-12-25 16:56:02 [Process-2:7784][INFO]: image saved.
2024-12-25 16:56:02 [Process-2:7784][INFO]: image saved.
2024-12-25 16:56:03 [Process-2:7784][INFO]: image saved.
2024-12-25 16:56:24 [Process-2:7784][INFO]: image saved.
2024-12-25 16:56:24 [Process-2:7784][INFO]: image saved.
2024-12-25 16:56:24 [Process-2:7784][INFO]: image saved.
2024-12-25 16:56:25 [Process-2:7784][INFO]: image saved.
2024-12-25 16:56:25 [Process-2:7784][INFO]: image saved.
2024-12-25 16:56:29 [Process-2:7784][INFO]: image saved.
2024-12-25 16:56:29 [Process-2:7784][INFO]: image saved.
2024-12-25 16:56:29 [Process-2:7784][INFO]: image saved.
2024-12-25 16:56:30 [Process-2:7784][INFO]: image saved.
2024-12-25 16:56:30 [Process-2:7784][INFO]: image saved.
2024-12-25 16:56:30 [Process-2:7784][INFO]: image saved.
2024-12-25 16:57:26 [Process-1:7764][INFO]: Cam broadcaster closing
2024-12-25 16:57:26 [MainProcess:7734][INFO]: stopping.
