2024-12-25 15:36:13 [MainProcess:5394][INFO]: start
2024-12-25 15:36:13 [Process-2:5444][INFO]: Manual loop start
2024-12-25 15:36:16 [Process-2:5444][INFO]: image saved.
2024-12-25 15:36:17 [Process-2:5444][INFO]: image saved.
2024-12-25 15:36:17 [Process-2:5444][INFO]: image saved.
2024-12-25 15:46:54 [Process-2:5444][INFO]: image saved.
2024-12-25 15:46:55 [Process-2:5444][INFO]: image saved.
2024-12-25 15:46:56 [Process-2:5444][INFO]: image saved.
2024-12-25 15:46:56 [Process-2:5444][INFO]: image saved.
2024-12-25 15:46:56 [Process-2:5444][INFO]: image saved.
2024-12-25 15:46:56 [Process-2:5444][INFO]: image saved.
2024-12-25 15:46:56 [Process-2:5444][INFO]: image saved.
2024-12-25 15:46:56 [Process-2:5444][INFO]: image saved.
2024-12-25 15:46:57 [Process-2:5444][INFO]: image saved.
2024-12-25 15:46:57 [Process-2:5444][INFO]: image saved.
2024-12-25 15:46:57 [Process-2:5444][INFO]: image saved.
2024-12-25 15:46:57 [Process-2:5444][INFO]: image saved.
2024-12-25 15:46:57 [Process-2:5444][INFO]: image saved.
2024-12-25 15:46:57 [Process-2:5444][INFO]: image saved.
2024-12-25 15:46:57 [Process-2:5444][INFO]: image saved.
2024-12-25 15:46:58 [Process-2:5444][INFO]: image saved.
2024-12-25 15:46:58 [Process-2:5444][INFO]: image saved.
2024-12-25 15:46:58 [Process-2:5444][INFO]: image saved.
2024-12-25 15:49:18 [MainProcess:5394][INFO]: stopping.
2024-12-25 15:49:18 [Process-1:5424][INFO]: Cam broadcaster closing
