2024-12-25 17:19:43 [MainProcess:3644][INFO]: start
2024-12-25 17:19:43 [Process-2:3679][INFO]: start init Helper
2024-12-25 17:19:45 [Process-2:3679][INFO]: Helper model init succ.
2024-12-25 17:19:45 [Process-2:3679][INFO]: Helper loop start
2024-12-25 17:19:47 [Process-2:3679][INFO]: []
2024-12-25 17:19:47 [Process-2:3679][INFO]: infer cost 1.9415764808654785
2024-12-25 17:19:47 [Process-2:3679][INFO]: []
2024-12-25 17:19:47 [Process-2:3679][INFO]: infer cost 0.13219881057739258
2024-12-25 17:19:47 [Process-2:3679][INFO]: []
2024-12-25 17:19:47 [Process-2:3679][INFO]: infer cost 0.1442241668701172
2024-12-25 17:19:47 [Process-2:3679][INFO]: []
2024-12-25 17:19:47 [Process-2:3679][INFO]: infer cost 0.13739228248596191
2024-12-25 17:19:47 [Process-2:3679][INFO]: []
2024-12-25 17:19:47 [Process-2:3679][INFO]: infer cost 0.15215110778808594
2024-12-25 17:19:47 [Process-2:3679][INFO]: []
2024-12-25 17:19:47 [Process-2:3679][INFO]: infer cost 0.13473749160766602
2024-12-25 17:19:47 [Process-2:3679][INFO]: []
2024-12-25 17:19:47 [Process-2:3679][INFO]: infer cost 0.13773584365844727
2024-12-25 17:19:47 [Process-2:3679][INFO]: []
2024-12-25 17:19:47 [Process-2:3679][INFO]: infer cost 0.13479399681091309
2024-12-25 17:19:48 [Process-2:3679][INFO]: []
2024-12-25 17:19:48 [Process-2:3679][INFO]: infer cost 0.1330106258392334
2024-12-25 17:19:48 [Process-2:3679][INFO]: []
2024-12-25 17:19:48 [Process-2:3679][INFO]: infer cost 0.13736248016357422
2024-12-25 17:19:48 [Process-2:3679][INFO]: []
2024-12-25 17:19:48 [Process-2:3679][INFO]: infer cost 0.13894033432006836
2024-12-25 17:19:48 [Process-2:3679][INFO]: []
2024-12-25 17:19:48 [Process-2:3679][INFO]: infer cost 0.13303542137145996
2024-12-25 17:19:48 [Process-2:3679][INFO]: []
2024-12-25 17:19:48 [Process-2:3679][INFO]: infer cost 0.13620471954345703
2024-12-25 17:19:48 [Process-2:3679][INFO]: []
2024-12-25 17:19:48 [Process-2:3679][INFO]: infer cost 0.13607263565063477
2024-12-25 17:19:48 [Process-2:3679][INFO]: []
2024-12-25 17:19:48 [Process-2:3679][INFO]: infer cost 0.13285207748413086
2024-12-25 17:19:49 [Process-2:3679][INFO]: []
2024-12-25 17:19:49 [Process-2:3679][INFO]: infer cost 0.13481712341308594
2024-12-25 17:19:49 [Process-2:3679][INFO]: []
2024-12-25 17:19:49 [Process-2:3679][INFO]: infer cost 0.13578248023986816
2024-12-25 17:19:49 [Process-2:3679][INFO]: []
2024-12-25 17:19:49 [Process-2:3679][INFO]: infer cost 0.13999009132385254
2024-12-25 17:19:49 [Process-2:3679][INFO]: []
2024-12-25 17:19:49 [Process-2:3679][INFO]: infer cost 0.1349174976348877
2024-12-25 17:19:49 [Process-2:3679][INFO]: []
2024-12-25 17:19:49 [Process-2:3679][INFO]: infer cost 0.14360761642456055
2024-12-25 17:19:49 [Process-2:3679][INFO]: []
2024-12-25 17:19:49 [Process-2:3679][INFO]: infer cost 0.14024925231933594
2024-12-25 17:19:49 [Process-2:3679][INFO]: []
2024-12-25 17:19:49 [Process-2:3679][INFO]: infer cost 0.1426105499267578
2024-12-25 17:19:50 [Process-2:3679][INFO]: []
2024-12-25 17:19:50 [Process-2:3679][INFO]: infer cost 0.14075851440429688
2024-12-25 17:19:50 [Process-2:3679][INFO]: []
2024-12-25 17:19:50 [Process-2:3679][INFO]: infer cost 0.13508152961730957
2024-12-25 17:19:50 [Process-2:3679][INFO]: []
2024-12-25 17:19:50 [Process-2:3679][INFO]: infer cost 0.13219475746154785
2024-12-25 17:19:50 [Process-2:3679][INFO]: []
2024-12-25 17:19:50 [Process-2:3679][INFO]: infer cost 0.13268136978149414
2024-12-25 17:19:50 [Process-2:3679][INFO]: []
2024-12-25 17:19:50 [Process-2:3679][INFO]: infer cost 0.1441054344177246
2024-12-25 17:19:50 [Process-2:3679][INFO]: []
2024-12-25 17:19:50 [Process-2:3679][INFO]: infer cost 0.1356654167175293
2024-12-25 17:19:50 [Process-2:3679][INFO]: []
2024-12-25 17:19:50 [Process-2:3679][INFO]: infer cost 0.13425755500793457
2024-12-25 17:19:51 [Process-2:3679][INFO]: []
2024-12-25 17:19:51 [Process-2:3679][INFO]: infer cost 0.13673090934753418
2024-12-25 17:19:51 [Process-2:3679][INFO]: []
2024-12-25 17:19:51 [Process-2:3679][INFO]: infer cost 0.1381230354309082
2024-12-25 17:19:51 [Process-2:3679][INFO]: []
2024-12-25 17:19:51 [Process-2:3679][INFO]: infer cost 0.13928580284118652
2024-12-25 17:19:51 [Process-2:3679][INFO]: []
2024-12-25 17:19:51 [Process-2:3679][INFO]: infer cost 0.14363956451416016
2024-12-25 17:19:51 [Process-2:3679][INFO]: []
2024-12-25 17:19:51 [Process-2:3679][INFO]: infer cost 0.13590002059936523
2024-12-25 17:19:51 [Process-2:3679][INFO]: []
2024-12-25 17:19:51 [Process-2:3679][INFO]: infer cost 0.13902020454406738
2024-12-25 17:19:51 [Process-2:3679][INFO]: []
2024-12-25 17:19:51 [Process-2:3679][INFO]: infer cost 0.1316814422607422
2024-12-25 17:19:51 [Process-2:3679][INFO]: []
2024-12-25 17:19:51 [Process-2:3679][INFO]: infer cost 0.13267230987548828
2024-12-25 17:19:52 [Process-2:3679][INFO]: []
2024-12-25 17:19:52 [Process-2:3679][INFO]: infer cost 0.13739323616027832
2024-12-25 17:19:52 [Process-2:3679][INFO]: []
2024-12-25 17:19:52 [Process-2:3679][INFO]: infer cost 0.1332244873046875
2024-12-25 17:19:52 [Process-2:3679][INFO]: []
2024-12-25 17:19:52 [Process-2:3679][INFO]: infer cost 0.13628840446472168
2024-12-25 17:19:52 [Process-2:3679][INFO]: []
2024-12-25 17:19:52 [Process-2:3679][INFO]: infer cost 0.1374502182006836
2024-12-25 17:19:52 [Process-2:3679][INFO]: []
2024-12-25 17:19:52 [Process-2:3679][INFO]: infer cost 0.1372368335723877
2024-12-25 17:19:52 [Process-2:3679][INFO]: []
2024-12-25 17:19:52 [Process-2:3679][INFO]: infer cost 0.13555455207824707
2024-12-25 17:19:52 [Process-2:3679][INFO]: []
2024-12-25 17:19:52 [Process-2:3679][INFO]: infer cost 0.13393616676330566
2024-12-25 17:19:53 [Process-2:3679][INFO]: []
2024-12-25 17:19:53 [Process-2:3679][INFO]: infer cost 0.13843226432800293
2024-12-25 17:19:53 [Process-2:3679][INFO]: []
2024-12-25 17:19:53 [Process-2:3679][INFO]: infer cost 0.13828444480895996
2024-12-25 17:19:53 [Process-2:3679][INFO]: []
2024-12-25 17:19:53 [Process-2:3679][INFO]: infer cost 0.13357996940612793
2024-12-25 17:19:53 [Process-2:3679][INFO]: []
2024-12-25 17:19:53 [Process-2:3679][INFO]: infer cost 0.13080382347106934
2024-12-25 17:19:53 [Process-2:3679][INFO]: []
2024-12-25 17:19:53 [Process-2:3679][INFO]: infer cost 0.13413166999816895
2024-12-25 17:19:53 [Process-2:3679][INFO]: []
2024-12-25 17:19:53 [Process-2:3679][INFO]: infer cost 0.1431746482849121
2024-12-25 17:19:53 [Process-2:3679][INFO]: []
2024-12-25 17:19:53 [Process-2:3679][INFO]: infer cost 0.1321253776550293
2024-12-25 17:19:54 [Process-2:3679][INFO]: []
2024-12-25 17:19:54 [Process-2:3679][INFO]: infer cost 0.1360454559326172
2024-12-25 17:19:54 [Process-2:3679][INFO]: []
2024-12-25 17:19:54 [Process-2:3679][INFO]: infer cost 0.13576817512512207
2024-12-25 17:19:54 [Process-2:3679][INFO]: []
2024-12-25 17:19:54 [Process-2:3679][INFO]: infer cost 0.13415789604187012
2024-12-25 17:19:54 [Process-2:3679][INFO]: []
2024-12-25 17:19:54 [Process-2:3679][INFO]: infer cost 0.13871002197265625
2024-12-25 17:19:54 [Process-2:3679][INFO]: []
2024-12-25 17:19:54 [Process-2:3679][INFO]: infer cost 0.13716411590576172
2024-12-25 17:19:54 [Process-2:3679][INFO]: []
2024-12-25 17:19:54 [Process-2:3679][INFO]: infer cost 0.15003609657287598
2024-12-25 17:19:54 [Process-2:3679][INFO]: []
2024-12-25 17:19:54 [Process-2:3679][INFO]: infer cost 0.13294029235839844
2024-12-25 17:19:54 [Process-2:3679][INFO]: []
2024-12-25 17:19:54 [Process-2:3679][INFO]: infer cost 0.13453245162963867
2024-12-25 17:19:55 [Process-2:3679][INFO]: []
2024-12-25 17:19:55 [Process-2:3679][INFO]: infer cost 0.13219833374023438
2024-12-25 17:19:55 [Process-2:3679][INFO]: []
2024-12-25 17:19:55 [Process-2:3679][INFO]: infer cost 0.1379406452178955
2024-12-25 17:19:55 [Process-2:3679][INFO]: []
2024-12-25 17:19:55 [Process-2:3679][INFO]: infer cost 0.13679099082946777
2024-12-25 17:19:55 [Process-2:3679][INFO]: []
2024-12-25 17:19:55 [Process-2:3679][INFO]: infer cost 0.13361001014709473
2024-12-25 17:19:55 [Process-2:3679][INFO]: []
2024-12-25 17:19:55 [Process-2:3679][INFO]: infer cost 0.13436555862426758
2024-12-25 17:19:55 [Process-2:3679][INFO]: []
2024-12-25 17:19:55 [Process-2:3679][INFO]: infer cost 0.13152527809143066
2024-12-25 17:19:55 [Process-2:3679][INFO]: []
2024-12-25 17:19:55 [Process-2:3679][INFO]: infer cost 0.13987159729003906
2024-12-25 17:19:56 [Process-2:3679][INFO]: []
2024-12-25 17:19:56 [Process-2:3679][INFO]: infer cost 0.1340470314025879
2024-12-25 17:19:56 [Process-2:3679][INFO]: []
2024-12-25 17:19:56 [Process-2:3679][INFO]: infer cost 0.13552141189575195
2024-12-25 17:19:56 [Process-2:3679][INFO]: []
2024-12-25 17:19:56 [Process-2:3679][INFO]: infer cost 0.13181376457214355
2024-12-25 17:19:56 [Process-2:3679][INFO]: []
2024-12-25 17:19:56 [Process-2:3679][INFO]: infer cost 0.13527941703796387
2024-12-25 17:19:56 [Process-2:3679][INFO]: []
2024-12-25 17:19:56 [Process-2:3679][INFO]: infer cost 0.13594341278076172
2024-12-25 17:19:56 [Process-2:3679][INFO]: []
2024-12-25 17:19:56 [Process-2:3679][INFO]: infer cost 0.13263463973999023
2024-12-25 17:19:56 [Process-2:3679][INFO]: []
2024-12-25 17:19:56 [Process-2:3679][INFO]: infer cost 0.13955211639404297
2024-12-25 17:19:57 [Process-2:3679][INFO]: []
2024-12-25 17:19:57 [Process-2:3679][INFO]: infer cost 0.13904094696044922
2024-12-25 17:19:57 [Process-2:3679][INFO]: []
2024-12-25 17:19:57 [Process-2:3679][INFO]: infer cost 0.1354513168334961
2024-12-25 17:19:57 [Process-2:3679][INFO]: []
2024-12-25 17:19:57 [Process-2:3679][INFO]: infer cost 0.13634037971496582
2024-12-25 17:19:57 [Process-2:3679][INFO]: []
2024-12-25 17:19:57 [Process-2:3679][INFO]: infer cost 0.13471460342407227
2024-12-25 17:19:57 [Process-2:3679][INFO]: []
2024-12-25 17:19:57 [Process-2:3679][INFO]: infer cost 0.14299869537353516
2024-12-25 17:19:57 [Process-2:3679][INFO]: []
2024-12-25 17:19:57 [Process-2:3679][INFO]: infer cost 0.13709425926208496
2024-12-25 17:19:57 [Process-2:3679][INFO]: []
2024-12-25 17:19:57 [Process-2:3679][INFO]: infer cost 0.13349604606628418
2024-12-25 17:19:57 [Process-2:3679][INFO]: []
2024-12-25 17:19:57 [Process-2:3679][INFO]: infer cost 0.1367948055267334
2024-12-25 17:19:58 [Process-2:3679][INFO]: []
2024-12-25 17:19:58 [Process-2:3679][INFO]: infer cost 0.13556504249572754
2024-12-25 17:19:58 [Process-2:3679][INFO]: []
2024-12-25 17:19:58 [Process-2:3679][INFO]: infer cost 0.13826394081115723
2024-12-25 17:19:58 [Process-2:3679][INFO]: []
2024-12-25 17:19:58 [Process-2:3679][INFO]: infer cost 0.13085317611694336
2024-12-25 17:19:58 [Process-2:3679][INFO]: []
2024-12-25 17:19:58 [Process-2:3679][INFO]: infer cost 0.13437151908874512
2024-12-25 17:19:58 [Process-2:3679][INFO]: []
2024-12-25 17:19:58 [Process-2:3679][INFO]: infer cost 0.146162748336792
2024-12-25 17:19:58 [Process-2:3679][INFO]: []
2024-12-25 17:19:58 [Process-2:3679][INFO]: infer cost 0.13898682594299316
2024-12-25 17:19:58 [Process-2:3679][INFO]: []
2024-12-25 17:19:58 [Process-2:3679][INFO]: infer cost 0.1326746940612793
2024-12-25 17:19:59 [Process-2:3679][INFO]: []
2024-12-25 17:19:59 [Process-2:3679][INFO]: infer cost 0.13289952278137207
2024-12-25 17:19:59 [Process-2:3679][INFO]: []
2024-12-25 17:19:59 [Process-2:3679][INFO]: infer cost 0.13350534439086914
2024-12-25 17:19:59 [Process-2:3679][INFO]: []
2024-12-25 17:19:59 [Process-2:3679][INFO]: infer cost 0.13684678077697754
2024-12-25 17:19:59 [Process-2:3679][INFO]: []
2024-12-25 17:19:59 [Process-2:3679][INFO]: infer cost 0.13799047470092773
2024-12-25 17:19:59 [Process-2:3679][INFO]: []
2024-12-25 17:19:59 [Process-2:3679][INFO]: infer cost 0.13425016403198242
2024-12-25 17:19:59 [Process-2:3679][INFO]: []
2024-12-25 17:19:59 [Process-2:3679][INFO]: infer cost 0.1336686611175537
2024-12-25 17:19:59 [Process-2:3679][INFO]: []
2024-12-25 17:19:59 [Process-2:3679][INFO]: infer cost 0.13918352127075195
2024-12-25 17:20:00 [Process-2:3679][INFO]: []
2024-12-25 17:20:00 [Process-2:3679][INFO]: infer cost 0.1357262134552002
2024-12-25 17:20:00 [Process-2:3679][INFO]: []
2024-12-25 17:20:00 [Process-2:3679][INFO]: infer cost 0.13557744026184082
2024-12-25 17:20:00 [Process-2:3679][INFO]: []
2024-12-25 17:20:00 [Process-2:3679][INFO]: infer cost 0.14118313789367676
2024-12-25 17:20:00 [Process-2:3679][INFO]: []
2024-12-25 17:20:00 [Process-2:3679][INFO]: infer cost 0.1340806484222412
2024-12-25 17:20:00 [Process-2:3679][INFO]: []
2024-12-25 17:20:00 [Process-2:3679][INFO]: infer cost 0.13662290573120117
2024-12-25 17:20:00 [Process-2:3679][INFO]: []
2024-12-25 17:20:00 [Process-2:3679][INFO]: infer cost 0.1468656063079834
2024-12-25 17:20:00 [Process-2:3679][INFO]: []
2024-12-25 17:20:00 [Process-2:3679][INFO]: infer cost 0.13504624366760254
2024-12-25 17:20:01 [Process-2:3679][INFO]: []
2024-12-25 17:20:01 [Process-2:3679][INFO]: infer cost 0.13385343551635742
2024-12-25 17:20:01 [Process-2:3679][INFO]: []
2024-12-25 17:20:01 [Process-2:3679][INFO]: infer cost 0.13811731338500977
2024-12-25 17:20:01 [Process-2:3679][INFO]: []
2024-12-25 17:20:01 [Process-2:3679][INFO]: infer cost 0.1353747844696045
2024-12-25 17:20:01 [Process-2:3679][INFO]: []
2024-12-25 17:20:01 [Process-2:3679][INFO]: infer cost 0.13728022575378418
2024-12-25 17:20:01 [Process-2:3679][INFO]: []
2024-12-25 17:20:01 [Process-2:3679][INFO]: infer cost 0.1350700855255127
2024-12-25 17:20:01 [Process-2:3679][INFO]: []
2024-12-25 17:20:01 [Process-2:3679][INFO]: infer cost 0.13781952857971191
2024-12-25 17:20:01 [Process-2:3679][INFO]: []
2024-12-25 17:20:01 [Process-2:3679][INFO]: infer cost 0.13573956489562988
2024-12-25 17:20:01 [Process-2:3679][INFO]: []
2024-12-25 17:20:01 [Process-2:3679][INFO]: infer cost 0.1479649543762207
2024-12-25 17:20:02 [Process-2:3679][INFO]: []
2024-12-25 17:20:02 [Process-2:3679][INFO]: infer cost 0.14762520790100098
2024-12-25 17:20:02 [Process-2:3679][INFO]: []
2024-12-25 17:20:02 [Process-2:3679][INFO]: infer cost 0.1380906105041504
2024-12-25 17:20:02 [Process-2:3679][INFO]: []
2024-12-25 17:20:02 [Process-2:3679][INFO]: infer cost 0.13855290412902832
2024-12-25 17:20:02 [Process-2:3679][INFO]: []
2024-12-25 17:20:02 [Process-2:3679][INFO]: infer cost 0.13364410400390625
2024-12-25 17:20:02 [Process-2:3679][INFO]: []
2024-12-25 17:20:02 [Process-2:3679][INFO]: infer cost 0.14766430854797363
2024-12-25 17:20:02 [Process-2:3679][INFO]: []
2024-12-25 17:20:02 [Process-2:3679][INFO]: infer cost 0.13589835166931152
2024-12-25 17:20:02 [Process-2:3679][INFO]: []
2024-12-25 17:20:02 [Process-2:3679][INFO]: infer cost 0.14798307418823242
2024-12-25 17:20:03 [Process-2:3679][INFO]: []
2024-12-25 17:20:03 [Process-2:3679][INFO]: infer cost 0.13120341300964355
2024-12-25 17:20:03 [Process-2:3679][INFO]: []
2024-12-25 17:20:03 [Process-2:3679][INFO]: infer cost 0.13369131088256836
2024-12-25 17:20:03 [Process-2:3679][INFO]: []
2024-12-25 17:20:03 [Process-2:3679][INFO]: infer cost 0.137969970703125
2024-12-25 17:20:03 [Process-2:3679][INFO]: []
2024-12-25 17:20:03 [Process-2:3679][INFO]: infer cost 0.13207101821899414
2024-12-25 17:20:03 [Process-2:3679][INFO]: []
2024-12-25 17:20:03 [Process-2:3679][INFO]: infer cost 0.13607096672058105
2024-12-25 17:20:03 [Process-2:3679][INFO]: []
2024-12-25 17:20:03 [Process-2:3679][INFO]: infer cost 0.13745665550231934
2024-12-25 17:20:03 [Process-2:3679][INFO]: []
2024-12-25 17:20:03 [Process-2:3679][INFO]: infer cost 0.13558268547058105
2024-12-25 17:20:04 [Process-2:3679][INFO]: []
2024-12-25 17:20:04 [Process-2:3679][INFO]: infer cost 0.1358184814453125
2024-12-25 17:20:04 [Process-2:3679][INFO]: []
2024-12-25 17:20:04 [Process-2:3679][INFO]: infer cost 0.13991165161132812
2024-12-25 17:20:04 [Process-2:3679][INFO]: []
2024-12-25 17:20:04 [Process-2:3679][INFO]: infer cost 0.13410687446594238
2024-12-25 17:20:04 [Process-2:3679][INFO]: []
2024-12-25 17:20:04 [Process-2:3679][INFO]: infer cost 0.13373208045959473
2024-12-25 17:20:04 [Process-2:3679][INFO]: []
2024-12-25 17:20:04 [Process-2:3679][INFO]: infer cost 0.13399672508239746
2024-12-25 17:20:04 [Process-2:3679][INFO]: []
2024-12-25 17:20:04 [Process-2:3679][INFO]: infer cost 0.1345372200012207
2024-12-25 17:20:04 [Process-2:3679][INFO]: []
2024-12-25 17:20:04 [Process-2:3679][INFO]: infer cost 0.13315176963806152
2024-12-25 17:20:05 [Process-2:3679][INFO]: []
2024-12-25 17:20:05 [Process-2:3679][INFO]: infer cost 0.1513195037841797
2024-12-25 17:20:05 [Process-2:3679][INFO]: []
2024-12-25 17:20:05 [Process-2:3679][INFO]: infer cost 0.13509464263916016
2024-12-25 17:20:05 [Process-2:3679][INFO]: []
2024-12-25 17:20:05 [Process-2:3679][INFO]: infer cost 0.13490033149719238
2024-12-25 17:20:05 [Process-2:3679][INFO]: []
2024-12-25 17:20:05 [Process-2:3679][INFO]: infer cost 0.1421360969543457
2024-12-25 17:20:05 [Process-2:3679][INFO]: []
2024-12-25 17:20:05 [Process-2:3679][INFO]: infer cost 0.1430530548095703
2024-12-25 17:20:05 [Process-2:3679][INFO]: []
2024-12-25 17:20:05 [Process-2:3679][INFO]: infer cost 0.15012073516845703
2024-12-25 17:20:05 [Process-2:3679][INFO]: []
2024-12-25 17:20:05 [Process-2:3679][INFO]: infer cost 0.1347496509552002
2024-12-25 17:20:05 [Process-2:3679][INFO]: []
2024-12-25 17:20:05 [Process-2:3679][INFO]: infer cost 0.13699936866760254
2024-12-25 17:20:06 [Process-2:3679][INFO]: []
2024-12-25 17:20:06 [Process-2:3679][INFO]: infer cost 0.14955568313598633
2024-12-25 17:20:06 [Process-2:3679][INFO]: []
2024-12-25 17:20:06 [Process-2:3679][INFO]: infer cost 0.13749217987060547
2024-12-25 17:20:06 [Process-2:3679][INFO]: []
2024-12-25 17:20:06 [Process-2:3679][INFO]: infer cost 0.1418137550354004
2024-12-25 17:20:06 [Process-2:3679][INFO]: []
2024-12-25 17:20:06 [Process-2:3679][INFO]: infer cost 0.14673137664794922
2024-12-25 17:20:06 [Process-2:3679][INFO]: []
2024-12-25 17:20:06 [Process-2:3679][INFO]: infer cost 0.13417577743530273
2024-12-25 17:20:06 [Process-2:3679][INFO]: []
2024-12-25 17:20:06 [Process-2:3679][INFO]: infer cost 0.13669538497924805
2024-12-25 17:20:06 [Process-2:3679][INFO]: []
2024-12-25 17:20:06 [Process-2:3679][INFO]: infer cost 0.13600564002990723
2024-12-25 17:20:07 [Process-2:3679][INFO]: []
2024-12-25 17:20:07 [Process-2:3679][INFO]: infer cost 0.1322033405303955
2024-12-25 17:20:07 [Process-2:3679][INFO]: []
2024-12-25 17:20:07 [Process-2:3679][INFO]: infer cost 0.13504934310913086
2024-12-25 17:20:07 [Process-2:3679][INFO]: []
2024-12-25 17:20:07 [Process-2:3679][INFO]: infer cost 0.13200855255126953
2024-12-25 17:20:07 [Process-2:3679][INFO]: []
2024-12-25 17:20:07 [Process-2:3679][INFO]: infer cost 0.13312005996704102
2024-12-25 17:20:07 [Process-2:3679][INFO]: []
2024-12-25 17:20:07 [Process-2:3679][INFO]: infer cost 0.1380481719970703
2024-12-25 17:20:07 [Process-2:3679][INFO]: []
2024-12-25 17:20:07 [Process-2:3679][INFO]: infer cost 0.13112282752990723
2024-12-25 17:20:07 [Process-2:3679][INFO]: []
2024-12-25 17:20:07 [Process-2:3679][INFO]: infer cost 0.13669538497924805
2024-12-25 17:20:08 [Process-2:3679][INFO]: []
2024-12-25 17:20:08 [Process-2:3679][INFO]: infer cost 0.1414661407470703
2024-12-25 17:20:08 [Process-2:3679][INFO]: []
2024-12-25 17:20:08 [Process-2:3679][INFO]: infer cost 0.13321828842163086
2024-12-25 17:20:08 [Process-2:3679][INFO]: []
2024-12-25 17:20:08 [Process-2:3679][INFO]: infer cost 0.14193964004516602
2024-12-25 17:20:08 [Process-2:3679][INFO]: []
2024-12-25 17:20:08 [Process-2:3679][INFO]: infer cost 0.1365957260131836
2024-12-25 17:20:08 [Process-2:3679][INFO]: []
2024-12-25 17:20:08 [Process-2:3679][INFO]: infer cost 0.13622808456420898
2024-12-25 17:20:08 [Process-2:3679][INFO]: []
2024-12-25 17:20:08 [Process-2:3679][INFO]: infer cost 0.13563990592956543
2024-12-25 17:20:08 [Process-2:3679][INFO]: []
2024-12-25 17:20:08 [Process-2:3679][INFO]: infer cost 0.13880372047424316
2024-12-25 17:20:09 [Process-2:3679][INFO]: []
2024-12-25 17:20:09 [Process-2:3679][INFO]: infer cost 0.1411888599395752
2024-12-25 17:20:09 [Process-2:3679][INFO]: []
2024-12-25 17:20:09 [Process-2:3679][INFO]: infer cost 0.13398480415344238
2024-12-25 17:20:09 [Process-2:3679][INFO]: []
2024-12-25 17:20:09 [Process-2:3679][INFO]: infer cost 0.13541412353515625
2024-12-25 17:20:09 [Process-2:3679][INFO]: []
2024-12-25 17:20:09 [Process-2:3679][INFO]: infer cost 0.13631248474121094
2024-12-25 17:20:09 [Process-2:3679][INFO]: []
2024-12-25 17:20:09 [Process-2:3679][INFO]: infer cost 0.14136648178100586
2024-12-25 17:20:09 [Process-2:3679][INFO]: []
2024-12-25 17:20:09 [Process-2:3679][INFO]: infer cost 0.13691091537475586
2024-12-25 17:20:09 [Process-2:3679][INFO]: []
2024-12-25 17:20:09 [Process-2:3679][INFO]: infer cost 0.14289164543151855
2024-12-25 17:20:09 [Process-2:3679][INFO]: []
2024-12-25 17:20:09 [Process-2:3679][INFO]: infer cost 0.13385415077209473
2024-12-25 17:20:10 [Process-2:3679][INFO]: []
2024-12-25 17:20:10 [Process-2:3679][INFO]: infer cost 0.1342298984527588
2024-12-25 17:20:10 [Process-2:3679][INFO]: []
2024-12-25 17:20:10 [Process-2:3679][INFO]: infer cost 0.13526535034179688
2024-12-25 17:20:10 [Process-2:3679][INFO]: []
2024-12-25 17:20:10 [Process-2:3679][INFO]: infer cost 0.13627171516418457
2024-12-25 17:20:10 [Process-2:3679][INFO]: []
2024-12-25 17:20:10 [Process-2:3679][INFO]: infer cost 0.137373685836792
2024-12-25 17:20:10 [Process-2:3679][INFO]: []
2024-12-25 17:20:10 [Process-2:3679][INFO]: infer cost 0.14005351066589355
2024-12-25 17:20:10 [Process-2:3679][INFO]: []
2024-12-25 17:20:10 [Process-2:3679][INFO]: infer cost 0.13490724563598633
2024-12-25 17:20:10 [Process-2:3679][INFO]: []
2024-12-25 17:20:10 [Process-2:3679][INFO]: infer cost 0.13935303688049316
2024-12-25 17:20:11 [Process-2:3679][INFO]: []
2024-12-25 17:20:11 [Process-2:3679][INFO]: infer cost 0.13800859451293945
2024-12-25 17:20:11 [Process-2:3679][INFO]: []
2024-12-25 17:20:11 [Process-2:3679][INFO]: infer cost 0.15585851669311523
2024-12-25 17:20:11 [Process-2:3679][INFO]: []
2024-12-25 17:20:11 [Process-2:3679][INFO]: infer cost 0.13491153717041016
2024-12-25 17:20:11 [Process-2:3679][INFO]: []
2024-12-25 17:20:11 [Process-2:3679][INFO]: infer cost 0.13411545753479004
2024-12-25 17:20:11 [Process-2:3679][INFO]: []
2024-12-25 17:20:11 [Process-2:3679][INFO]: infer cost 0.14590740203857422
2024-12-25 17:20:11 [Process-2:3679][INFO]: []
2024-12-25 17:20:11 [Process-2:3679][INFO]: infer cost 0.13533639907836914
2024-12-25 17:20:11 [Process-2:3679][INFO]: []
2024-12-25 17:20:11 [Process-2:3679][INFO]: infer cost 0.14299607276916504
2024-12-25 17:20:12 [Process-2:3679][INFO]: []
2024-12-25 17:20:12 [Process-2:3679][INFO]: infer cost 0.1302647590637207
2024-12-25 17:20:12 [Process-2:3679][INFO]: []
2024-12-25 17:20:12 [Process-2:3679][INFO]: infer cost 0.1366581916809082
2024-12-25 17:20:12 [Process-2:3679][INFO]: []
2024-12-25 17:20:12 [Process-2:3679][INFO]: infer cost 0.13330435752868652
2024-12-25 17:20:12 [Process-2:3679][INFO]: []
2024-12-25 17:20:12 [Process-2:3679][INFO]: infer cost 0.1341843605041504
2024-12-25 17:20:12 [Process-2:3679][INFO]: []
2024-12-25 17:20:12 [Process-2:3679][INFO]: infer cost 0.1404886245727539
2024-12-25 17:20:12 [Process-2:3679][INFO]: []
2024-12-25 17:20:12 [Process-2:3679][INFO]: infer cost 0.1464853286743164
2024-12-25 17:20:12 [Process-2:3679][INFO]: []
2024-12-25 17:20:12 [Process-2:3679][INFO]: infer cost 0.14532685279846191
2024-12-25 17:20:13 [Process-2:3679][INFO]: []
2024-12-25 17:20:13 [Process-2:3679][INFO]: infer cost 0.13610076904296875
2024-12-25 17:20:13 [Process-2:3679][INFO]: []
2024-12-25 17:20:13 [Process-2:3679][INFO]: infer cost 0.13663339614868164
2024-12-25 17:20:13 [Process-2:3679][INFO]: []
2024-12-25 17:20:13 [Process-2:3679][INFO]: infer cost 0.134382963180542
2024-12-25 17:20:13 [Process-2:3679][INFO]: []
2024-12-25 17:20:13 [Process-2:3679][INFO]: infer cost 0.13391399383544922
2024-12-25 17:20:13 [Process-2:3679][INFO]: []
2024-12-25 17:20:13 [Process-2:3679][INFO]: infer cost 0.1343531608581543
2024-12-25 17:20:13 [Process-2:3679][INFO]: []
2024-12-25 17:20:13 [Process-2:3679][INFO]: infer cost 0.1334700584411621
2024-12-25 17:20:13 [Process-2:3679][INFO]: []
2024-12-25 17:20:13 [Process-2:3679][INFO]: infer cost 0.13765668869018555
2024-12-25 17:20:13 [Process-2:3679][INFO]: []
2024-12-25 17:20:13 [Process-2:3679][INFO]: infer cost 0.13461828231811523
2024-12-25 17:20:14 [Process-2:3679][INFO]: []
2024-12-25 17:20:14 [Process-2:3679][INFO]: infer cost 0.13628196716308594
2024-12-25 17:20:14 [Process-2:3679][INFO]: []
2024-12-25 17:20:14 [Process-2:3679][INFO]: infer cost 0.13876962661743164
2024-12-25 17:20:14 [Process-2:3679][INFO]: []
2024-12-25 17:20:14 [Process-2:3679][INFO]: infer cost 0.13477039337158203
2024-12-25 17:20:14 [Process-2:3679][INFO]: []
2024-12-25 17:20:14 [Process-2:3679][INFO]: infer cost 0.13687992095947266
2024-12-25 17:20:14 [Process-2:3679][INFO]: []
2024-12-25 17:20:14 [Process-2:3679][INFO]: infer cost 0.13936519622802734
2024-12-25 17:20:14 [Process-2:3679][INFO]: []
2024-12-25 17:20:14 [Process-2:3679][INFO]: infer cost 0.13188433647155762
2024-12-25 17:20:14 [Process-2:3679][INFO]: []
2024-12-25 17:20:14 [Process-2:3679][INFO]: infer cost 0.142930269241333
2024-12-25 17:20:15 [Process-2:3679][INFO]: []
2024-12-25 17:20:15 [Process-2:3679][INFO]: infer cost 0.14064240455627441
2024-12-25 17:20:15 [Process-2:3679][INFO]: []
2024-12-25 17:20:15 [Process-2:3679][INFO]: infer cost 0.13393259048461914
2024-12-25 17:20:15 [Process-2:3679][INFO]: []
2024-12-25 17:20:15 [Process-2:3679][INFO]: infer cost 0.13700461387634277
2024-12-25 17:20:15 [Process-2:3679][INFO]: []
2024-12-25 17:20:15 [Process-2:3679][INFO]: infer cost 0.13533234596252441
2024-12-25 17:20:15 [Process-2:3679][INFO]: []
2024-12-25 17:20:15 [Process-2:3679][INFO]: infer cost 0.13214755058288574
2024-12-25 17:20:15 [Process-2:3679][INFO]: []
2024-12-25 17:20:15 [Process-2:3679][INFO]: infer cost 0.13478732109069824
2024-12-25 17:20:15 [Process-2:3679][INFO]: []
2024-12-25 17:20:15 [Process-2:3679][INFO]: infer cost 0.1316390037536621
2024-12-25 17:20:16 [Process-2:3679][INFO]: []
2024-12-25 17:20:16 [Process-2:3679][INFO]: infer cost 0.13029122352600098
2024-12-25 17:20:16 [Process-2:3679][INFO]: []
2024-12-25 17:20:16 [Process-2:3679][INFO]: infer cost 0.135056734085083
2024-12-25 17:20:16 [Process-2:3679][INFO]: []
2024-12-25 17:20:16 [Process-2:3679][INFO]: infer cost 0.1354353427886963
2024-12-25 17:20:16 [Process-2:3679][INFO]: []
2024-12-25 17:20:16 [Process-2:3679][INFO]: infer cost 0.13401579856872559
2024-12-25 17:20:16 [Process-2:3679][INFO]: []
2024-12-25 17:20:16 [Process-2:3679][INFO]: infer cost 0.1355273723602295
2024-12-25 17:20:16 [Process-2:3679][INFO]: []
2024-12-25 17:20:16 [Process-2:3679][INFO]: infer cost 0.13051629066467285
2024-12-25 17:20:16 [Process-2:3679][INFO]: []
2024-12-25 17:20:16 [Process-2:3679][INFO]: infer cost 0.134293794631958
2024-12-25 17:20:16 [Process-2:3679][INFO]: []
2024-12-25 17:20:16 [Process-2:3679][INFO]: infer cost 0.13295912742614746
2024-12-25 17:20:17 [Process-2:3679][INFO]: []
2024-12-25 17:20:17 [Process-2:3679][INFO]: infer cost 0.13410115242004395
2024-12-25 17:20:17 [Process-2:3679][INFO]: []
2024-12-25 17:20:17 [Process-2:3679][INFO]: infer cost 0.1330873966217041
2024-12-25 17:20:17 [Process-2:3679][INFO]: []
2024-12-25 17:20:17 [Process-2:3679][INFO]: infer cost 0.14087319374084473
2024-12-25 17:20:17 [Process-2:3679][INFO]: []
2024-12-25 17:20:17 [Process-2:3679][INFO]: infer cost 0.13403034210205078
2024-12-25 17:20:17 [Process-2:3679][INFO]: []
2024-12-25 17:20:17 [Process-2:3679][INFO]: infer cost 0.13389325141906738
2024-12-25 17:20:17 [Process-2:3679][INFO]: []
2024-12-25 17:20:17 [Process-2:3679][INFO]: infer cost 0.13324546813964844
2024-12-25 17:20:17 [Process-2:3679][INFO]: []
2024-12-25 17:20:17 [Process-2:3679][INFO]: infer cost 0.13735079765319824
2024-12-25 17:20:18 [Process-2:3679][INFO]: []
2024-12-25 17:20:18 [Process-2:3679][INFO]: infer cost 0.13669729232788086
2024-12-25 17:20:18 [Process-2:3679][INFO]: []
2024-12-25 17:20:18 [Process-2:3679][INFO]: infer cost 0.14192819595336914
2024-12-25 17:20:18 [Process-2:3679][INFO]: []
2024-12-25 17:20:18 [Process-2:3679][INFO]: infer cost 0.14595341682434082
2024-12-25 17:20:18 [Process-2:3679][INFO]: []
2024-12-25 17:20:18 [Process-2:3679][INFO]: infer cost 0.13527274131774902
2024-12-25 17:20:18 [Process-2:3679][INFO]: []
2024-12-25 17:20:18 [Process-2:3679][INFO]: infer cost 0.14488887786865234
2024-12-25 17:20:18 [Process-2:3679][INFO]: []
2024-12-25 17:20:18 [Process-2:3679][INFO]: infer cost 0.1370987892150879
2024-12-25 17:20:18 [Process-2:3679][INFO]: []
2024-12-25 17:20:18 [Process-2:3679][INFO]: infer cost 0.13393330574035645
2024-12-25 17:20:19 [Process-2:3679][INFO]: []
2024-12-25 17:20:19 [Process-2:3679][INFO]: infer cost 0.13138866424560547
2024-12-25 17:20:19 [Process-2:3679][INFO]: []
2024-12-25 17:20:19 [Process-2:3679][INFO]: infer cost 0.13103580474853516
2024-12-25 17:20:19 [Process-2:3679][INFO]: []
2024-12-25 17:20:19 [Process-2:3679][INFO]: infer cost 0.13603544235229492
2024-12-25 17:20:19 [Process-2:3679][INFO]: []
2024-12-25 17:20:19 [Process-2:3679][INFO]: infer cost 0.13468241691589355
2024-12-25 17:20:19 [Process-2:3679][INFO]: []
2024-12-25 17:20:19 [Process-2:3679][INFO]: infer cost 0.13074469566345215
2024-12-25 17:20:19 [Process-2:3679][INFO]: []
2024-12-25 17:20:19 [Process-2:3679][INFO]: infer cost 0.13399314880371094
2024-12-25 17:20:19 [Process-2:3679][INFO]: []
2024-12-25 17:20:19 [Process-2:3679][INFO]: infer cost 0.13408398628234863
2024-12-25 17:20:19 [Process-2:3679][INFO]: []
2024-12-25 17:20:19 [Process-2:3679][INFO]: infer cost 0.13161325454711914
2024-12-25 17:20:20 [Process-2:3679][INFO]: []
2024-12-25 17:20:20 [Process-2:3679][INFO]: infer cost 0.13654565811157227
2024-12-25 17:20:20 [Process-2:3679][INFO]: []
2024-12-25 17:20:20 [Process-2:3679][INFO]: infer cost 0.1392672061920166
2024-12-25 17:20:20 [Process-2:3679][INFO]: []
2024-12-25 17:20:20 [Process-2:3679][INFO]: infer cost 0.1340475082397461
2024-12-25 17:20:21 [Process-2:3679][INFO]: [[1804, 497, 1915, 696, 'right', 0.6298828]]
2024-12-25 17:20:21 [Process-2:3679][INFO]: det: right
2024-12-25 17:20:21 [Process-2:3679][INFO]: infer cost 1.4439172744750977
2024-12-25 17:20:21 [Process-2:3679][INFO]: []
2024-12-25 17:20:21 [Process-2:3679][INFO]: infer cost 0.1340031623840332
2024-12-25 17:20:22 [Process-2:3679][INFO]: []
2024-12-25 17:20:22 [Process-2:3679][INFO]: infer cost 0.1302640438079834
2024-12-25 17:20:22 [Process-2:3679][INFO]: []
2024-12-25 17:20:22 [Process-2:3679][INFO]: infer cost 0.13771891593933105
2024-12-25 17:20:22 [Process-2:3679][INFO]: []
2024-12-25 17:20:22 [Process-2:3679][INFO]: infer cost 0.13307666778564453
2024-12-25 17:20:22 [Process-2:3679][INFO]: []
2024-12-25 17:20:22 [Process-2:3679][INFO]: infer cost 0.13390302658081055
2024-12-25 17:20:22 [Process-2:3679][INFO]: []
2024-12-25 17:20:22 [Process-2:3679][INFO]: infer cost 0.13243436813354492
2024-12-25 17:20:22 [Process-2:3679][INFO]: []
2024-12-25 17:20:22 [Process-2:3679][INFO]: infer cost 0.13596177101135254
2024-12-25 17:20:22 [Process-2:3679][INFO]: []
2024-12-25 17:20:22 [Process-2:3679][INFO]: infer cost 0.13291645050048828
2024-12-25 17:20:23 [Process-2:3679][INFO]: []
2024-12-25 17:20:23 [Process-2:3679][INFO]: infer cost 0.13457417488098145
2024-12-25 17:20:23 [Process-2:3679][INFO]: []
2024-12-25 17:20:23 [Process-2:3679][INFO]: infer cost 0.13229060173034668
2024-12-25 17:20:23 [Process-2:3679][INFO]: []
2024-12-25 17:20:23 [Process-2:3679][INFO]: infer cost 0.13915252685546875
2024-12-25 17:20:23 [Process-2:3679][INFO]: []
2024-12-25 17:20:23 [Process-2:3679][INFO]: infer cost 0.13434171676635742
2024-12-25 17:20:23 [Process-2:3679][INFO]: []
2024-12-25 17:20:23 [Process-2:3679][INFO]: infer cost 0.13613653182983398
2024-12-25 17:20:23 [Process-2:3679][INFO]: []
2024-12-25 17:20:23 [Process-2:3679][INFO]: infer cost 0.13862061500549316
2024-12-25 17:20:23 [Process-2:3679][INFO]: []
2024-12-25 17:20:23 [Process-2:3679][INFO]: infer cost 0.1347663402557373
2024-12-25 17:20:24 [Process-2:3679][INFO]: []
2024-12-25 17:20:24 [Process-2:3679][INFO]: infer cost 0.15156340599060059
2024-12-25 17:20:24 [Process-2:3679][INFO]: []
2024-12-25 17:20:24 [Process-2:3679][INFO]: infer cost 0.1349952220916748
2024-12-25 17:20:24 [Process-2:3679][INFO]: []
2024-12-25 17:20:24 [Process-2:3679][INFO]: infer cost 0.13246846199035645
2024-12-25 17:20:24 [Process-2:3679][INFO]: []
2024-12-25 17:20:24 [Process-2:3679][INFO]: infer cost 0.14471817016601562
2024-12-25 17:20:24 [Process-2:3679][INFO]: []
2024-12-25 17:20:24 [Process-2:3679][INFO]: infer cost 0.13857626914978027
2024-12-25 17:20:24 [Process-2:3679][INFO]: []
2024-12-25 17:20:24 [Process-2:3679][INFO]: infer cost 0.13180136680603027
2024-12-25 17:20:24 [Process-2:3679][INFO]: []
2024-12-25 17:20:24 [Process-2:3679][INFO]: infer cost 0.13972139358520508
2024-12-25 17:20:24 [Process-2:3679][INFO]: []
2024-12-25 17:20:24 [Process-2:3679][INFO]: infer cost 0.13397622108459473
2024-12-25 17:20:25 [Process-2:3679][INFO]: []
2024-12-25 17:20:25 [Process-2:3679][INFO]: infer cost 0.13714838027954102
2024-12-25 17:20:25 [Process-2:3679][INFO]: []
2024-12-25 17:20:25 [Process-2:3679][INFO]: infer cost 0.13607215881347656
2024-12-25 17:20:25 [Process-2:3679][INFO]: []
2024-12-25 17:20:25 [Process-2:3679][INFO]: infer cost 0.14447927474975586
2024-12-25 17:20:25 [Process-2:3679][INFO]: []
2024-12-25 17:20:25 [Process-2:3679][INFO]: infer cost 0.15079259872436523
2024-12-25 17:20:25 [Process-2:3679][INFO]: []
2024-12-25 17:20:25 [Process-2:3679][INFO]: infer cost 0.13333630561828613
2024-12-25 17:20:25 [Process-2:3679][INFO]: []
2024-12-25 17:20:25 [Process-2:3679][INFO]: infer cost 0.14169692993164062
2024-12-25 17:20:25 [Process-2:3679][INFO]: []
2024-12-25 17:20:25 [Process-2:3679][INFO]: infer cost 0.15484285354614258
2024-12-25 17:20:26 [Process-2:3679][INFO]: []
2024-12-25 17:20:26 [Process-2:3679][INFO]: infer cost 0.13492870330810547
2024-12-25 17:20:26 [Process-2:3679][INFO]: []
2024-12-25 17:20:26 [Process-2:3679][INFO]: infer cost 0.13378429412841797
2024-12-25 17:20:26 [Process-2:3679][INFO]: []
2024-12-25 17:20:26 [Process-2:3679][INFO]: infer cost 0.13252043724060059
2024-12-25 17:20:26 [Process-2:3679][INFO]: []
2024-12-25 17:20:26 [Process-2:3679][INFO]: infer cost 0.1331462860107422
2024-12-25 17:20:26 [Process-2:3679][INFO]: []
2024-12-25 17:20:26 [Process-2:3679][INFO]: infer cost 0.13316893577575684
2024-12-25 17:20:26 [Process-2:3679][INFO]: []
2024-12-25 17:20:26 [Process-2:3679][INFO]: infer cost 0.14373159408569336
2024-12-25 17:20:26 [Process-2:3679][INFO]: []
2024-12-25 17:20:26 [Process-2:3679][INFO]: infer cost 0.1372232437133789
2024-12-25 17:20:27 [Process-2:3679][INFO]: []
2024-12-25 17:20:27 [Process-2:3679][INFO]: infer cost 0.13990521430969238
2024-12-25 17:20:27 [Process-2:3679][INFO]: []
2024-12-25 17:20:27 [Process-2:3679][INFO]: infer cost 0.13227176666259766
2024-12-25 17:20:27 [Process-2:3679][INFO]: [[0, 867, 100, 963, 'right', 0.7265625]]
2024-12-25 17:20:27 [Process-2:3679][INFO]: det: right
2024-12-25 17:20:27 [Process-2:3679][INFO]: infer cost 0.14810419082641602
2024-12-25 17:20:27 [Process-2:3679][INFO]: []
2024-12-25 17:20:27 [Process-2:3679][INFO]: infer cost 0.1410994529724121
2024-12-25 17:20:27 [Process-2:3679][INFO]: []
2024-12-25 17:20:27 [Process-2:3679][INFO]: infer cost 0.1392228603363037
2024-12-25 17:20:27 [Process-2:3679][INFO]: []
2024-12-25 17:20:27 [Process-2:3679][INFO]: infer cost 0.13627099990844727
2024-12-25 17:20:27 [Process-2:3679][INFO]: []
2024-12-25 17:20:27 [Process-2:3679][INFO]: infer cost 0.13779377937316895
2024-12-25 17:20:28 [Process-2:3679][INFO]: []
2024-12-25 17:20:28 [Process-2:3679][INFO]: infer cost 0.1335151195526123
2024-12-25 17:20:28 [Process-2:3679][INFO]: []
2024-12-25 17:20:28 [Process-2:3679][INFO]: infer cost 0.13531136512756348
2024-12-25 17:20:28 [Process-2:3679][INFO]: []
2024-12-25 17:20:28 [Process-2:3679][INFO]: infer cost 0.1432960033416748
2024-12-25 17:20:28 [Process-2:3679][INFO]: []
2024-12-25 17:20:28 [Process-2:3679][INFO]: infer cost 0.13972902297973633
2024-12-25 17:20:28 [Process-2:3679][INFO]: []
2024-12-25 17:20:28 [Process-2:3679][INFO]: infer cost 0.13238763809204102
2024-12-25 17:20:28 [Process-2:3679][INFO]: []
2024-12-25 17:20:28 [Process-2:3679][INFO]: infer cost 0.13625121116638184
2024-12-25 17:20:28 [Process-2:3679][INFO]: []
2024-12-25 17:20:28 [Process-2:3679][INFO]: infer cost 0.13927555084228516
2024-12-25 17:20:28 [Process-2:3679][INFO]: []
2024-12-25 17:20:28 [Process-2:3679][INFO]: infer cost 0.13887548446655273
2024-12-25 17:20:29 [Process-2:3679][INFO]: []
2024-12-25 17:20:29 [Process-2:3679][INFO]: infer cost 0.14615869522094727
2024-12-25 17:20:29 [Process-2:3679][INFO]: [[0, 969, 108, 1065, 'right', 0.67529297]]
2024-12-25 17:20:29 [Process-2:3679][INFO]: det: right
2024-12-25 17:20:29 [Process-2:3679][INFO]: infer cost 0.1567246913909912
2024-12-25 17:20:29 [Process-2:3679][INFO]: []
2024-12-25 17:20:29 [Process-2:3679][INFO]: infer cost 0.13392949104309082
2024-12-25 17:20:29 [Process-2:3679][INFO]: [[0, 692, 96, 822, 'right', 0.6015625]]
2024-12-25 17:20:29 [Process-2:3679][INFO]: det: right
2024-12-25 17:20:29 [Process-2:3679][INFO]: infer cost 0.14136981964111328
2024-12-25 17:20:29 [Process-2:3679][INFO]: []
2024-12-25 17:20:29 [Process-2:3679][INFO]: infer cost 0.14203643798828125
2024-12-25 17:20:29 [Process-2:3679][INFO]: []
2024-12-25 17:20:29 [Process-2:3679][INFO]: infer cost 0.13317227363586426
2024-12-25 17:20:29 [Process-2:3679][INFO]: []
2024-12-25 17:20:29 [Process-2:3679][INFO]: infer cost 0.1394054889678955
2024-12-25 17:20:30 [Process-2:3679][INFO]: []
2024-12-25 17:20:30 [Process-2:3679][INFO]: infer cost 0.1434309482574463
2024-12-25 17:20:30 [Process-2:3679][INFO]: []
2024-12-25 17:20:30 [Process-2:3679][INFO]: infer cost 0.13340020179748535
2024-12-25 17:20:30 [Process-2:3679][INFO]: []
2024-12-25 17:20:30 [Process-2:3679][INFO]: infer cost 0.13349127769470215
2024-12-25 17:20:30 [Process-2:3679][INFO]: []
2024-12-25 17:20:30 [Process-2:3679][INFO]: infer cost 0.13468456268310547
2024-12-25 17:20:30 [Process-2:3679][INFO]: []
2024-12-25 17:20:30 [Process-2:3679][INFO]: infer cost 0.13749217987060547
2024-12-25 17:20:30 [Process-2:3679][INFO]: []
2024-12-25 17:20:30 [Process-2:3679][INFO]: infer cost 0.13524103164672852
2024-12-25 17:20:30 [Process-2:3679][INFO]: []
2024-12-25 17:20:30 [Process-2:3679][INFO]: infer cost 0.13498687744140625
2024-12-25 17:20:31 [Process-2:3679][INFO]: []
2024-12-25 17:20:31 [Process-2:3679][INFO]: infer cost 0.13598847389221191
2024-12-25 17:20:31 [Process-2:3679][INFO]: []
2024-12-25 17:20:31 [Process-2:3679][INFO]: infer cost 0.13653969764709473
2024-12-25 17:20:31 [Process-2:3679][INFO]: []
2024-12-25 17:20:31 [Process-2:3679][INFO]: infer cost 0.1377277374267578
2024-12-25 17:20:31 [Process-2:3679][INFO]: []
2024-12-25 17:20:31 [Process-2:3679][INFO]: infer cost 0.13224124908447266
2024-12-25 17:20:31 [Process-2:3679][INFO]: []
2024-12-25 17:20:31 [Process-2:3679][INFO]: infer cost 0.13883328437805176
2024-12-25 17:20:31 [Process-2:3679][INFO]: []
2024-12-25 17:20:31 [Process-2:3679][INFO]: infer cost 0.13385820388793945
2024-12-25 17:20:31 [Process-2:3679][INFO]: []
2024-12-25 17:20:31 [Process-2:3679][INFO]: infer cost 0.13938140869140625
2024-12-25 17:20:32 [Process-2:3679][INFO]: []
2024-12-25 17:20:32 [Process-2:3679][INFO]: infer cost 0.13817620277404785
2024-12-25 17:20:32 [Process-2:3679][INFO]: []
2024-12-25 17:20:32 [Process-2:3679][INFO]: infer cost 0.13525676727294922
2024-12-25 17:20:32 [Process-2:3679][INFO]: []
2024-12-25 17:20:32 [Process-2:3679][INFO]: infer cost 0.13915491104125977
2024-12-25 17:20:32 [Process-2:3679][INFO]: [[0, 773, 151, 852, 'right', 0.8457031]]
2024-12-25 17:20:32 [Process-2:3679][INFO]: det: right
2024-12-25 17:20:32 [Process-2:3679][INFO]: infer cost 0.1406095027923584
2024-12-25 17:20:32 [Process-2:3679][INFO]: []
2024-12-25 17:20:32 [Process-2:3679][INFO]: infer cost 0.13504624366760254
2024-12-25 17:20:32 [Process-2:3679][INFO]: []
2024-12-25 17:20:32 [Process-2:3679][INFO]: infer cost 0.13335657119750977
2024-12-25 17:20:32 [Process-2:3679][INFO]: []
2024-12-25 17:20:32 [Process-2:3679][INFO]: infer cost 0.13309502601623535
2024-12-25 17:20:32 [Process-2:3679][INFO]: []
2024-12-25 17:20:33 [Process-2:3679][INFO]: infer cost 0.13875126838684082
2024-12-25 17:20:33 [Process-2:3679][INFO]: []
2024-12-25 17:20:33 [Process-2:3679][INFO]: infer cost 0.13467764854431152
2024-12-25 17:20:33 [Process-2:3679][INFO]: []
2024-12-25 17:20:33 [Process-2:3679][INFO]: infer cost 0.1393725872039795
2024-12-25 17:20:33 [Process-2:3679][INFO]: []
2024-12-25 17:20:33 [Process-2:3679][INFO]: infer cost 0.13625788688659668
2024-12-25 17:20:33 [Process-2:3679][INFO]: []
2024-12-25 17:20:33 [Process-2:3679][INFO]: infer cost 0.14113140106201172
2024-12-25 17:20:33 [Process-2:3679][INFO]: []
2024-12-25 17:20:33 [Process-2:3679][INFO]: infer cost 0.13382911682128906
2024-12-25 17:20:33 [Process-2:3679][INFO]: []
2024-12-25 17:20:33 [Process-2:3679][INFO]: infer cost 0.1318037509918213
2024-12-25 17:20:33 [Process-2:3679][INFO]: []
2024-12-25 17:20:33 [Process-2:3679][INFO]: infer cost 0.13790082931518555
2024-12-25 17:20:34 [Process-2:3679][INFO]: []
2024-12-25 17:20:34 [Process-2:3679][INFO]: infer cost 0.13374543190002441
2024-12-25 17:20:34 [Process-2:3679][INFO]: []
2024-12-25 17:20:34 [Process-2:3679][INFO]: infer cost 0.1338496208190918
2024-12-25 17:20:34 [Process-2:3679][INFO]: []
2024-12-25 17:20:34 [Process-2:3679][INFO]: infer cost 0.1359701156616211
2024-12-25 17:20:34 [Process-2:3679][INFO]: []
2024-12-25 17:20:34 [Process-2:3679][INFO]: infer cost 0.1494123935699463
2024-12-25 17:20:34 [Process-2:3679][INFO]: []
2024-12-25 17:20:34 [Process-2:3679][INFO]: infer cost 0.1358957290649414
2024-12-25 17:20:34 [Process-2:3679][INFO]: []
2024-12-25 17:20:34 [Process-2:3679][INFO]: infer cost 0.1418447494506836
2024-12-25 17:20:34 [Process-2:3679][INFO]: []
2024-12-25 17:20:34 [Process-2:3679][INFO]: infer cost 0.13759279251098633
2024-12-25 17:20:35 [Process-2:3679][INFO]: []
2024-12-25 17:20:35 [Process-2:3679][INFO]: infer cost 0.13678956031799316
2024-12-25 17:20:35 [Process-2:3679][INFO]: []
2024-12-25 17:20:35 [Process-2:3679][INFO]: infer cost 0.13055205345153809
2024-12-25 17:20:35 [Process-2:3679][INFO]: []
2024-12-25 17:20:35 [Process-2:3679][INFO]: infer cost 0.13493728637695312
2024-12-25 17:20:35 [Process-2:3679][INFO]: []
2024-12-25 17:20:35 [Process-2:3679][INFO]: infer cost 0.13481450080871582
2024-12-25 17:20:35 [Process-2:3679][INFO]: []
2024-12-25 17:20:35 [Process-2:3679][INFO]: infer cost 0.13333702087402344
2024-12-25 17:20:35 [Process-2:3679][INFO]: []
2024-12-25 17:20:35 [Process-2:3679][INFO]: infer cost 0.13440561294555664
2024-12-25 17:20:35 [Process-2:3679][INFO]: []
2024-12-25 17:20:35 [Process-2:3679][INFO]: infer cost 0.13586068153381348
2024-12-25 17:20:36 [Process-2:3679][INFO]: []
2024-12-25 17:20:36 [Process-2:3679][INFO]: infer cost 0.13844013214111328
2024-12-25 17:20:36 [Process-2:3679][INFO]: []
2024-12-25 17:20:36 [Process-2:3679][INFO]: infer cost 0.1362307071685791
2024-12-25 17:20:36 [Process-2:3679][INFO]: []
2024-12-25 17:20:36 [Process-2:3679][INFO]: infer cost 0.1398627758026123
2024-12-25 17:20:36 [Process-2:3679][INFO]: []
2024-12-25 17:20:36 [Process-2:3679][INFO]: infer cost 0.13214397430419922
2024-12-25 17:20:36 [Process-2:3679][INFO]: []
2024-12-25 17:20:36 [Process-2:3679][INFO]: infer cost 0.13595318794250488
2024-12-25 17:20:36 [Process-2:3679][INFO]: []
2024-12-25 17:20:36 [Process-2:3679][INFO]: infer cost 0.13373351097106934
2024-12-25 17:20:36 [Process-2:3679][INFO]: []
2024-12-25 17:20:36 [Process-2:3679][INFO]: infer cost 0.1327202320098877
2024-12-25 17:20:36 [Process-2:3679][INFO]: []
2024-12-25 17:20:36 [Process-2:3679][INFO]: infer cost 0.13518357276916504
2024-12-25 17:20:37 [Process-2:3679][INFO]: []
2024-12-25 17:20:37 [Process-2:3679][INFO]: infer cost 0.13486957550048828
2024-12-25 17:20:37 [Process-2:3679][INFO]: []
2024-12-25 17:20:37 [Process-2:3679][INFO]: infer cost 0.13207745552062988
2024-12-25 17:20:37 [Process-2:3679][INFO]: []
2024-12-25 17:20:37 [Process-2:3679][INFO]: infer cost 0.13116073608398438
2024-12-25 17:20:37 [Process-2:3679][INFO]: []
2024-12-25 17:20:37 [Process-2:3679][INFO]: infer cost 0.13649559020996094
2024-12-25 17:20:37 [Process-2:3679][INFO]: []
2024-12-25 17:20:37 [Process-2:3679][INFO]: infer cost 0.13694357872009277
2024-12-25 17:20:37 [Process-2:3679][INFO]: []
2024-12-25 17:20:37 [Process-2:3679][INFO]: infer cost 0.13747429847717285
2024-12-25 17:20:37 [Process-2:3679][INFO]: []
2024-12-25 17:20:37 [Process-2:3679][INFO]: infer cost 0.13263821601867676
2024-12-25 17:20:38 [Process-2:3679][INFO]: []
2024-12-25 17:20:38 [Process-2:3679][INFO]: infer cost 0.13425207138061523
2024-12-25 17:20:38 [Process-2:3679][INFO]: []
2024-12-25 17:20:38 [Process-2:3679][INFO]: infer cost 0.13535213470458984
2024-12-25 17:20:38 [Process-2:3679][INFO]: []
2024-12-25 17:20:38 [Process-2:3679][INFO]: infer cost 0.1354660987854004
2024-12-25 17:20:38 [Process-2:3679][INFO]: []
2024-12-25 17:20:38 [Process-2:3679][INFO]: infer cost 0.1356065273284912
2024-12-25 17:20:38 [Process-2:3679][INFO]: []
2024-12-25 17:20:38 [Process-2:3679][INFO]: infer cost 0.13293123245239258
2024-12-25 17:20:38 [Process-2:3679][INFO]: []
2024-12-25 17:20:38 [Process-2:3679][INFO]: infer cost 0.13338923454284668
2024-12-25 17:20:38 [Process-2:3679][INFO]: []
2024-12-25 17:20:38 [Process-2:3679][INFO]: infer cost 0.13453984260559082
2024-12-25 17:20:38 [Process-2:3679][INFO]: []
2024-12-25 17:20:38 [Process-2:3679][INFO]: infer cost 0.13762664794921875
2024-12-25 17:20:39 [Process-2:3679][INFO]: []
2024-12-25 17:20:39 [Process-2:3679][INFO]: infer cost 0.1342017650604248
2024-12-25 17:20:39 [Process-2:3679][INFO]: []
2024-12-25 17:20:39 [Process-2:3679][INFO]: infer cost 0.13371562957763672
2024-12-25 17:20:39 [Process-2:3679][INFO]: []
2024-12-25 17:20:39 [Process-2:3679][INFO]: infer cost 0.14122772216796875
2024-12-25 17:20:39 [Process-2:3679][INFO]: []
2024-12-25 17:20:39 [Process-2:3679][INFO]: infer cost 0.13762784004211426
2024-12-25 17:20:39 [Process-2:3679][INFO]: []
2024-12-25 17:20:39 [Process-2:3679][INFO]: infer cost 0.13433384895324707
2024-12-25 17:20:39 [Process-2:3679][INFO]: []
2024-12-25 17:20:39 [Process-2:3679][INFO]: infer cost 0.13604998588562012
2024-12-25 17:20:39 [Process-2:3679][INFO]: []
2024-12-25 17:20:39 [Process-2:3679][INFO]: infer cost 0.13620781898498535
2024-12-25 17:20:40 [Process-2:3679][INFO]: []
2024-12-25 17:20:40 [Process-2:3679][INFO]: infer cost 0.13781952857971191
2024-12-25 17:20:40 [Process-2:3679][INFO]: []
2024-12-25 17:20:40 [Process-2:3679][INFO]: infer cost 0.1346423625946045
2024-12-25 17:20:40 [Process-2:3679][INFO]: []
2024-12-25 17:20:40 [Process-2:3679][INFO]: infer cost 0.13896536827087402
2024-12-25 17:20:40 [Process-2:3679][INFO]: []
2024-12-25 17:20:40 [Process-2:3679][INFO]: infer cost 0.13482403755187988
2024-12-25 17:20:40 [Process-2:3679][INFO]: []
2024-12-25 17:20:40 [Process-2:3679][INFO]: infer cost 0.13532304763793945
2024-12-25 17:20:40 [Process-2:3679][INFO]: []
2024-12-25 17:20:40 [Process-2:3679][INFO]: infer cost 0.13587284088134766
2024-12-25 17:20:40 [Process-2:3679][INFO]: []
2024-12-25 17:20:40 [Process-2:3679][INFO]: infer cost 0.1334247589111328
2024-12-25 17:20:41 [Process-2:3679][INFO]: []
2024-12-25 17:20:41 [Process-2:3679][INFO]: infer cost 0.13147282600402832
2024-12-25 17:20:41 [Process-2:3679][INFO]: []
2024-12-25 17:20:41 [Process-2:3679][INFO]: infer cost 0.13974213600158691
2024-12-25 17:20:41 [Process-2:3679][INFO]: []
2024-12-25 17:20:41 [Process-2:3679][INFO]: infer cost 0.14516186714172363
2024-12-25 17:20:41 [Process-2:3679][INFO]: []
2024-12-25 17:20:41 [Process-2:3679][INFO]: infer cost 0.13953495025634766
2024-12-25 17:20:41 [Process-2:3679][INFO]: []
2024-12-25 17:20:41 [Process-2:3679][INFO]: infer cost 0.1382288932800293
2024-12-25 17:20:41 [Process-2:3679][INFO]: []
2024-12-25 17:20:41 [Process-2:3679][INFO]: infer cost 0.1372370719909668
2024-12-25 17:20:41 [Process-2:3679][INFO]: []
2024-12-25 17:20:41 [Process-2:3679][INFO]: infer cost 0.1419825553894043
2024-12-25 17:20:42 [Process-2:3679][INFO]: []
2024-12-25 17:20:42 [Process-2:3679][INFO]: infer cost 0.13349246978759766
2024-12-25 17:20:42 [Process-2:3679][INFO]: []
2024-12-25 17:20:42 [Process-2:3679][INFO]: infer cost 0.13988852500915527
2024-12-25 17:20:42 [Process-2:3679][INFO]: []
2024-12-25 17:20:42 [Process-2:3679][INFO]: infer cost 0.13921809196472168
2024-12-25 17:20:42 [Process-2:3679][INFO]: []
2024-12-25 17:20:42 [Process-2:3679][INFO]: infer cost 0.13707661628723145
2024-12-25 17:20:42 [Process-2:3679][INFO]: []
2024-12-25 17:20:42 [Process-2:3679][INFO]: infer cost 0.13698935508728027
2024-12-25 17:20:42 [Process-2:3679][INFO]: []
2024-12-25 17:20:42 [Process-2:3679][INFO]: infer cost 0.1378178596496582
2024-12-25 17:20:42 [Process-2:3679][INFO]: []
2024-12-25 17:20:42 [Process-2:3679][INFO]: infer cost 0.13284087181091309
2024-12-25 17:20:42 [Process-2:3679][INFO]: []
2024-12-25 17:20:42 [Process-2:3679][INFO]: infer cost 0.1299426555633545
2024-12-25 17:20:43 [Process-2:3679][INFO]: []
2024-12-25 17:20:43 [Process-2:3679][INFO]: infer cost 0.132399320602417
2024-12-25 17:20:43 [Process-2:3679][INFO]: []
2024-12-25 17:20:43 [Process-2:3679][INFO]: infer cost 0.13503575325012207
2024-12-25 17:20:43 [Process-2:3679][INFO]: []
2024-12-25 17:20:43 [Process-2:3679][INFO]: infer cost 0.13831448554992676
2024-12-25 17:20:43 [Process-2:3679][INFO]: []
2024-12-25 17:20:43 [Process-2:3679][INFO]: infer cost 0.13511395454406738
2024-12-25 17:20:43 [Process-2:3679][INFO]: []
2024-12-25 17:20:43 [Process-2:3679][INFO]: infer cost 0.14001750946044922
2024-12-25 17:20:43 [Process-2:3679][INFO]: []
2024-12-25 17:20:43 [Process-2:3679][INFO]: infer cost 0.13492536544799805
2024-12-25 17:20:43 [Process-2:3679][INFO]: []
2024-12-25 17:20:43 [Process-2:3679][INFO]: infer cost 0.13314247131347656
2024-12-25 17:20:44 [Process-2:3679][INFO]: []
2024-12-25 17:20:44 [Process-2:3679][INFO]: infer cost 0.13877415657043457
2024-12-25 17:20:44 [Process-2:3679][INFO]: []
2024-12-25 17:20:44 [Process-2:3679][INFO]: infer cost 0.1354351043701172
2024-12-25 17:20:44 [Process-2:3679][INFO]: []
2024-12-25 17:20:44 [Process-2:3679][INFO]: infer cost 0.13971400260925293
2024-12-25 17:20:44 [Process-2:3679][INFO]: []
2024-12-25 17:20:44 [Process-2:3679][INFO]: infer cost 0.13313961029052734
2024-12-25 17:20:44 [Process-2:3679][INFO]: []
2024-12-25 17:20:44 [Process-2:3679][INFO]: infer cost 0.13656115531921387
2024-12-25 17:20:44 [Process-2:3679][INFO]: []
2024-12-25 17:20:44 [Process-2:3679][INFO]: infer cost 0.13338613510131836
2024-12-25 17:20:44 [Process-2:3679][INFO]: []
2024-12-25 17:20:44 [Process-2:3679][INFO]: infer cost 0.1308751106262207
2024-12-25 17:20:45 [Process-2:3679][INFO]: []
2024-12-25 17:20:45 [Process-2:3679][INFO]: infer cost 0.13883686065673828
2024-12-25 17:20:45 [Process-2:3679][INFO]: []
2024-12-25 17:20:45 [Process-2:3679][INFO]: infer cost 0.13281559944152832
2024-12-25 17:20:45 [Process-2:3679][INFO]: []
2024-12-25 17:20:45 [Process-2:3679][INFO]: infer cost 0.1350548267364502
2024-12-25 17:20:45 [Process-2:3679][INFO]: []
2024-12-25 17:20:45 [Process-2:3679][INFO]: infer cost 0.14027738571166992
2024-12-25 17:20:45 [Process-2:3679][INFO]: []
2024-12-25 17:20:45 [Process-2:3679][INFO]: infer cost 0.13869857788085938
2024-12-25 17:20:45 [Process-2:3679][INFO]: []
2024-12-25 17:20:45 [Process-2:3679][INFO]: infer cost 0.13611125946044922
2024-12-25 17:20:45 [Process-2:3679][INFO]: []
2024-12-25 17:20:45 [Process-2:3679][INFO]: infer cost 0.1503767967224121
2024-12-25 17:20:45 [Process-2:3679][INFO]: []
2024-12-25 17:20:45 [Process-2:3679][INFO]: infer cost 0.13569092750549316
2024-12-25 17:20:46 [Process-2:3679][INFO]: []
2024-12-25 17:20:46 [Process-2:3679][INFO]: infer cost 0.14096736907958984
2024-12-25 17:20:46 [Process-2:3679][INFO]: []
2024-12-25 17:20:46 [Process-2:3679][INFO]: infer cost 0.13677072525024414
2024-12-25 17:20:46 [Process-2:3679][INFO]: []
2024-12-25 17:20:46 [Process-2:3679][INFO]: infer cost 0.13301825523376465
2024-12-25 17:20:46 [Process-2:3679][INFO]: []
2024-12-25 17:20:46 [Process-2:3679][INFO]: infer cost 0.14049792289733887
2024-12-25 17:20:46 [Process-2:3679][INFO]: []
2024-12-25 17:20:46 [Process-2:3679][INFO]: infer cost 0.13695001602172852
2024-12-25 17:20:46 [Process-2:3679][INFO]: []
2024-12-25 17:20:46 [Process-2:3679][INFO]: infer cost 0.1370701789855957
2024-12-25 17:20:46 [Process-2:3679][INFO]: []
2024-12-25 17:20:46 [Process-2:3679][INFO]: infer cost 0.13396549224853516
2024-12-25 17:20:47 [Process-2:3679][INFO]: []
2024-12-25 17:20:47 [Process-2:3679][INFO]: infer cost 0.1346418857574463
2024-12-25 17:20:47 [Process-2:3679][INFO]: []
2024-12-25 17:20:47 [Process-2:3679][INFO]: infer cost 0.1362748146057129
2024-12-25 17:20:47 [Process-2:3679][INFO]: []
2024-12-25 17:20:47 [Process-2:3679][INFO]: infer cost 0.14250874519348145
2024-12-25 17:20:47 [Process-2:3679][INFO]: []
2024-12-25 17:20:47 [Process-2:3679][INFO]: infer cost 0.13216662406921387
2024-12-25 17:20:47 [Process-2:3679][INFO]: []
2024-12-25 17:20:47 [Process-2:3679][INFO]: infer cost 0.1354999542236328
2024-12-25 17:20:47 [Process-2:3679][INFO]: []
2024-12-25 17:20:47 [Process-2:3679][INFO]: infer cost 0.15188932418823242
2024-12-25 17:20:47 [Process-2:3679][INFO]: []
2024-12-25 17:20:47 [Process-2:3679][INFO]: infer cost 0.13628792762756348
2024-12-25 17:20:48 [Process-2:3679][INFO]: []
2024-12-25 17:20:48 [Process-2:3679][INFO]: infer cost 0.1331484317779541
2024-12-25 17:20:48 [Process-2:3679][INFO]: []
2024-12-25 17:20:48 [Process-2:3679][INFO]: infer cost 0.13142633438110352
2024-12-25 17:20:48 [Process-2:3679][INFO]: []
2024-12-25 17:20:48 [Process-2:3679][INFO]: infer cost 0.146315336227417
2024-12-25 17:20:48 [Process-2:3679][INFO]: []
2024-12-25 17:20:48 [Process-2:3679][INFO]: infer cost 0.13440608978271484
2024-12-25 17:20:48 [Process-2:3679][INFO]: []
2024-12-25 17:20:48 [Process-2:3679][INFO]: infer cost 0.14184999465942383
2024-12-25 17:20:48 [Process-2:3679][INFO]: []
2024-12-25 17:20:48 [Process-2:3679][INFO]: infer cost 0.13672375679016113
2024-12-25 17:20:48 [Process-2:3679][INFO]: []
2024-12-25 17:20:48 [Process-2:3679][INFO]: infer cost 0.14025211334228516
2024-12-25 17:20:49 [Process-2:3679][INFO]: []
2024-12-25 17:20:49 [Process-2:3679][INFO]: infer cost 0.14001083374023438
2024-12-25 17:20:49 [Process-2:3679][INFO]: []
2024-12-25 17:20:49 [Process-2:3679][INFO]: infer cost 0.13589763641357422
2024-12-25 17:20:49 [Process-2:3679][INFO]: []
2024-12-25 17:20:49 [Process-2:3679][INFO]: infer cost 0.14852643013000488
2024-12-25 17:20:49 [Process-2:3679][INFO]: []
2024-12-25 17:20:49 [Process-2:3679][INFO]: infer cost 0.13673615455627441
2024-12-25 17:20:49 [Process-2:3679][INFO]: []
2024-12-25 17:20:49 [Process-2:3679][INFO]: infer cost 0.14582300186157227
2024-12-25 17:20:49 [Process-2:3679][INFO]: []
2024-12-25 17:20:49 [Process-2:3679][INFO]: infer cost 0.1437849998474121
2024-12-25 17:20:49 [Process-2:3679][INFO]: []
2024-12-25 17:20:49 [Process-2:3679][INFO]: infer cost 0.13275599479675293
2024-12-25 17:20:50 [Process-2:3679][INFO]: []
2024-12-25 17:20:50 [Process-2:3679][INFO]: infer cost 0.13626480102539062
2024-12-25 17:20:50 [Process-2:3679][INFO]: []
2024-12-25 17:20:50 [Process-2:3679][INFO]: infer cost 0.13390588760375977
2024-12-25 17:20:50 [Process-2:3679][INFO]: []
2024-12-25 17:20:50 [Process-2:3679][INFO]: infer cost 0.1367192268371582
2024-12-25 17:20:50 [Process-2:3679][INFO]: []
2024-12-25 17:20:50 [Process-2:3679][INFO]: infer cost 0.14334511756896973
2024-12-25 17:20:50 [Process-2:3679][INFO]: []
2024-12-25 17:20:50 [Process-2:3679][INFO]: infer cost 0.13193225860595703
2024-12-25 17:20:50 [Process-2:3679][INFO]: []
2024-12-25 17:20:50 [Process-2:3679][INFO]: infer cost 0.13888907432556152
2024-12-25 17:20:50 [Process-2:3679][INFO]: []
2024-12-25 17:20:50 [Process-2:3679][INFO]: infer cost 0.1355733871459961
2024-12-25 17:20:50 [Process-2:3679][INFO]: []
2024-12-25 17:20:50 [Process-2:3679][INFO]: infer cost 0.13385987281799316
2024-12-25 17:20:51 [Process-2:3679][INFO]: []
2024-12-25 17:20:51 [Process-2:3679][INFO]: infer cost 0.13536453247070312
2024-12-25 17:20:51 [Process-2:3679][INFO]: []
2024-12-25 17:20:51 [Process-2:3679][INFO]: infer cost 0.13867497444152832
2024-12-25 17:20:51 [Process-2:3679][INFO]: []
2024-12-25 17:20:51 [Process-2:3679][INFO]: infer cost 0.13511180877685547
2024-12-25 17:20:51 [Process-2:3679][INFO]: []
2024-12-25 17:20:51 [Process-2:3679][INFO]: infer cost 0.1324324607849121
2024-12-25 17:20:51 [Process-2:3679][INFO]: []
2024-12-25 17:20:51 [Process-2:3679][INFO]: infer cost 0.13326573371887207
2024-12-25 17:20:51 [Process-2:3679][INFO]: []
2024-12-25 17:20:51 [Process-2:3679][INFO]: infer cost 0.1334247589111328
2024-12-25 17:20:51 [Process-2:3679][INFO]: []
2024-12-25 17:20:51 [Process-2:3679][INFO]: infer cost 0.13536357879638672
2024-12-25 17:20:52 [Process-2:3679][INFO]: []
2024-12-25 17:20:52 [Process-2:3679][INFO]: infer cost 0.13326096534729004
2024-12-25 17:20:52 [Process-2:3679][INFO]: []
2024-12-25 17:20:52 [Process-2:3679][INFO]: infer cost 0.13425469398498535
2024-12-25 17:20:52 [Process-2:3679][INFO]: []
2024-12-25 17:20:52 [Process-2:3679][INFO]: infer cost 0.13075613975524902
2024-12-25 17:20:52 [Process-2:3679][INFO]: []
2024-12-25 17:20:52 [Process-2:3679][INFO]: infer cost 0.14197230339050293
2024-12-25 17:20:52 [Process-2:3679][INFO]: []
2024-12-25 17:20:52 [Process-2:3679][INFO]: infer cost 0.1473081111907959
2024-12-25 17:20:52 [Process-2:3679][INFO]: []
2024-12-25 17:20:52 [Process-2:3679][INFO]: infer cost 0.1354808807373047
2024-12-25 17:20:52 [Process-2:3679][INFO]: []
2024-12-25 17:20:52 [Process-2:3679][INFO]: infer cost 0.13773322105407715
2024-12-25 17:20:53 [Process-2:3679][INFO]: []
2024-12-25 17:20:53 [Process-2:3679][INFO]: infer cost 0.13289666175842285
2024-12-25 17:20:53 [Process-2:3679][INFO]: []
2024-12-25 17:20:53 [Process-2:3679][INFO]: infer cost 0.13744783401489258
2024-12-25 17:20:53 [Process-2:3679][INFO]: []
2024-12-25 17:20:53 [Process-2:3679][INFO]: infer cost 0.14290571212768555
2024-12-25 17:20:53 [Process-2:3679][INFO]: []
2024-12-25 17:20:53 [Process-2:3679][INFO]: infer cost 0.13303375244140625
2024-12-25 17:20:53 [Process-2:3679][INFO]: []
2024-12-25 17:20:53 [Process-2:3679][INFO]: infer cost 0.13724064826965332
2024-12-25 17:20:53 [Process-2:3679][INFO]: []
2024-12-25 17:20:53 [Process-2:3679][INFO]: infer cost 0.13551878929138184
2024-12-25 17:20:53 [Process-2:3679][INFO]: []
2024-12-25 17:20:53 [Process-2:3679][INFO]: infer cost 0.13586807250976562
2024-12-25 17:20:53 [Process-2:3679][INFO]: []
2024-12-25 17:20:53 [Process-2:3679][INFO]: infer cost 0.1447150707244873
2024-12-25 17:20:54 [Process-2:3679][INFO]: []
2024-12-25 17:20:54 [Process-2:3679][INFO]: infer cost 0.13335442543029785
2024-12-25 17:20:54 [Process-2:3679][INFO]: []
2024-12-25 17:20:54 [Process-2:3679][INFO]: infer cost 0.13370203971862793
2024-12-25 17:20:54 [Process-2:3679][INFO]: []
2024-12-25 17:20:54 [Process-2:3679][INFO]: infer cost 0.13620328903198242
2024-12-25 17:20:54 [Process-2:3679][INFO]: []
2024-12-25 17:20:54 [Process-2:3679][INFO]: infer cost 0.136199951171875
2024-12-25 17:20:54 [Process-2:3679][INFO]: []
2024-12-25 17:20:54 [Process-2:3679][INFO]: infer cost 0.13543415069580078
2024-12-25 17:20:54 [Process-2:3679][INFO]: []
2024-12-25 17:20:54 [Process-2:3679][INFO]: infer cost 0.1358492374420166
2024-12-25 17:20:54 [Process-2:3679][INFO]: []
2024-12-25 17:20:54 [Process-2:3679][INFO]: infer cost 0.13741159439086914
2024-12-25 17:20:55 [Process-2:3679][INFO]: []
2024-12-25 17:20:55 [Process-2:3679][INFO]: infer cost 0.13871264457702637
2024-12-25 17:20:55 [Process-2:3679][INFO]: []
2024-12-25 17:20:55 [Process-2:3679][INFO]: infer cost 0.1325092315673828
2024-12-25 17:20:55 [Process-2:3679][INFO]: []
2024-12-25 17:20:55 [Process-2:3679][INFO]: infer cost 0.13318514823913574
2024-12-25 17:20:55 [Process-2:3679][INFO]: []
2024-12-25 17:20:55 [Process-2:3679][INFO]: infer cost 0.13397455215454102
2024-12-25 17:20:55 [Process-2:3679][INFO]: []
2024-12-25 17:20:55 [Process-2:3679][INFO]: infer cost 0.13626408576965332
2024-12-25 17:20:55 [Process-2:3679][INFO]: []
2024-12-25 17:20:55 [Process-2:3679][INFO]: infer cost 0.13635706901550293
2024-12-25 17:20:55 [Process-2:3679][INFO]: []
2024-12-25 17:20:55 [Process-2:3679][INFO]: infer cost 0.13678503036499023
2024-12-25 17:20:56 [Process-2:3679][INFO]: []
2024-12-25 17:20:56 [Process-2:3679][INFO]: infer cost 0.13449931144714355
2024-12-25 17:20:56 [Process-2:3679][INFO]: []
2024-12-25 17:20:56 [Process-2:3679][INFO]: infer cost 0.13934755325317383
2024-12-25 17:20:56 [Process-2:3679][INFO]: []
2024-12-25 17:20:56 [Process-2:3679][INFO]: infer cost 0.13260149955749512
2024-12-25 17:20:56 [Process-2:3679][INFO]: []
2024-12-25 17:20:56 [Process-2:3679][INFO]: infer cost 0.13144707679748535
2024-12-25 17:20:56 [Process-2:3679][INFO]: []
2024-12-25 17:20:56 [Process-2:3679][INFO]: infer cost 0.13428378105163574
2024-12-25 17:20:56 [Process-2:3679][INFO]: []
2024-12-25 17:20:56 [Process-2:3679][INFO]: infer cost 0.13399386405944824
2024-12-25 17:20:56 [Process-2:3679][INFO]: []
2024-12-25 17:20:56 [Process-2:3679][INFO]: infer cost 0.1335160732269287
2024-12-25 17:20:56 [Process-2:3679][INFO]: []
2024-12-25 17:20:56 [Process-2:3679][INFO]: infer cost 0.1468496322631836
2024-12-25 17:20:57 [Process-2:3679][INFO]: []
2024-12-25 17:20:57 [Process-2:3679][INFO]: infer cost 0.1344757080078125
2024-12-25 17:20:57 [Process-2:3679][INFO]: []
2024-12-25 17:20:57 [Process-2:3679][INFO]: infer cost 0.135725736618042
2024-12-25 17:20:57 [Process-2:3679][INFO]: []
2024-12-25 17:20:57 [Process-2:3679][INFO]: infer cost 0.13438153266906738
2024-12-25 17:20:57 [Process-2:3679][INFO]: []
2024-12-25 17:20:57 [Process-2:3679][INFO]: infer cost 0.13432908058166504
2024-12-25 17:20:57 [Process-2:3679][INFO]: []
2024-12-25 17:20:57 [Process-2:3679][INFO]: infer cost 0.1469278335571289
2024-12-25 17:20:57 [Process-2:3679][INFO]: []
2024-12-25 17:20:57 [Process-2:3679][INFO]: infer cost 0.14014172554016113
2024-12-25 17:20:57 [Process-2:3679][INFO]: []
2024-12-25 17:20:57 [Process-2:3679][INFO]: infer cost 0.1361236572265625
2024-12-25 17:20:58 [Process-2:3679][INFO]: []
2024-12-25 17:20:58 [Process-2:3679][INFO]: infer cost 0.13193130493164062
2024-12-25 17:20:58 [Process-2:3679][INFO]: []
2024-12-25 17:20:58 [Process-2:3679][INFO]: infer cost 0.1325225830078125
2024-12-25 17:20:58 [Process-2:3679][INFO]: []
2024-12-25 17:20:58 [Process-2:3679][INFO]: infer cost 0.13454461097717285
2024-12-25 17:20:58 [Process-2:3679][INFO]: []
2024-12-25 17:20:58 [Process-2:3679][INFO]: infer cost 0.13821697235107422
2024-12-25 17:20:58 [Process-2:3679][INFO]: []
2024-12-25 17:20:58 [Process-2:3679][INFO]: infer cost 0.13599133491516113
2024-12-25 17:20:58 [Process-2:3679][INFO]: []
2024-12-25 17:20:58 [Process-2:3679][INFO]: infer cost 0.13601207733154297
2024-12-25 17:20:58 [Process-2:3679][INFO]: []
2024-12-25 17:20:58 [Process-2:3679][INFO]: infer cost 0.13559722900390625
2024-12-25 17:20:59 [Process-2:3679][INFO]: []
2024-12-25 17:20:59 [Process-2:3679][INFO]: infer cost 0.1333143711090088
2024-12-25 17:20:59 [Process-2:3679][INFO]: []
2024-12-25 17:20:59 [Process-2:3679][INFO]: infer cost 0.13180994987487793
2024-12-25 17:20:59 [Process-2:3679][INFO]: []
2024-12-25 17:20:59 [Process-2:3679][INFO]: infer cost 0.13706731796264648
2024-12-25 17:20:59 [Process-2:3679][INFO]: []
2024-12-25 17:20:59 [Process-2:3679][INFO]: infer cost 0.13133978843688965
2024-12-25 17:20:59 [Process-2:3679][INFO]: []
2024-12-25 17:20:59 [Process-2:3679][INFO]: infer cost 0.14960002899169922
2024-12-25 17:20:59 [Process-2:3679][INFO]: []
2024-12-25 17:20:59 [Process-2:3679][INFO]: infer cost 0.1374061107635498
2024-12-25 17:20:59 [Process-2:3679][INFO]: []
2024-12-25 17:20:59 [Process-2:3679][INFO]: infer cost 0.13393521308898926
2024-12-25 17:20:59 [Process-2:3679][INFO]: []
2024-12-25 17:20:59 [Process-2:3679][INFO]: infer cost 0.1354048252105713
2024-12-25 17:21:00 [Process-2:3679][INFO]: []
2024-12-25 17:21:00 [Process-2:3679][INFO]: infer cost 0.13682866096496582
2024-12-25 17:21:00 [Process-2:3679][INFO]: []
2024-12-25 17:21:00 [Process-2:3679][INFO]: infer cost 0.1330869197845459
2024-12-25 17:21:00 [Process-1:3659][INFO]: Cam broadcaster closing
2024-12-25 17:21:00 [MainProcess:3644][INFO]: stopping.
